// Jest Snapshot v1, https://goo.gl/fbAQLP

exports[`expect to render CartDropdown component 1`] = `
"<ContextConsumer>
  [function]
</ContextConsumer>"
`;
