// Jest Snapshot v1, https://goo.gl/fbAQLP

exports[`expect to render Enter component 1`] = `"<div className=\\"enter null\\" />"`;
